// Jest Snapshot v1, https://goo.gl/fbAQLP

exports[`Set Budget Test.vue Budget.vue Data Test structure must be same 1`] = `
<div
  class="hello"
>
  <form
    id="loginForm"
    method="post"
  >
    <select>
      <option
        value=""
      />
       
    </select>
     
    <input
      placeholder="amount"
      type="number"
    />
     
    <div>
      <ul />
    </div>
     
    <button
      type="submit"
    >
      Register
    </button>
  </form>
</div>
`;
